// Jest Snapshot v1, https://goo.gl/fbAQLP

exports[`ButtonBuilder should match with snapshot 1`] = `
<button type="submit" class="btn test-btn">
  <!--v-if-->test
</button>
`;
