// Jest Snapshot v1, https://goo.gl/fbAQLP

exports[`LoaderSpinner.vue Should match whit snapshot 1`] = `<div class="loader" style="width: 20px; height: 20px; border-top-color: red;"></div>`;
